2024-07-16 00:01:28 [INFO] (conftest.py:14) Logging is configured.
2024-07-16 00:01:30 [INFO] (SeleniumBaseClass.py:27) click to element :('css selector', 'a.ico-register')
2024-07-16 00:01:30 [INFO] (SeleniumBaseClass.py:19) finding element:('css selector', 'a.ico-register')
2024-07-16 00:01:31 [INFO] (SeleniumBaseClass.py:27) click to element :('css selector', 'input#gender-female')
2024-07-16 00:01:31 [INFO] (SeleniumBaseClass.py:19) finding element:('css selector', 'input#gender-female')
2024-07-16 00:01:31 [INFO] (SeleniumBaseClass.py:32) enter value Amy to element :('css selector', 'input#FirstName') 
2024-07-16 00:01:31 [INFO] (SeleniumBaseClass.py:19) finding element:('css selector', 'input#FirstName')
2024-07-16 00:01:31 [INFO] (SeleniumBaseClass.py:32) enter value James to element :('css selector', 'input#LastName') 
2024-07-16 00:01:31 [INFO] (SeleniumBaseClass.py:19) finding element:('css selector', 'input#LastName')
2024-07-16 00:01:31 [INFO] (SeleniumBaseClass.py:19) finding element:('css selector', 'select[name =DateOfBirthDay]')
2024-07-16 00:01:31 [INFO] (SeleniumBaseClass.py:19) finding element:('css selector', 'select[name =DateOfBirthMonth]')
2024-07-16 00:01:31 [INFO] (SeleniumBaseClass.py:19) finding element:('css selector', 'select[name =DateOfBirthYear]')
2024-07-16 00:01:31 [INFO] (SeleniumBaseClass.py:32) enter value amyjames@gmail.com to element :('css selector', 'input#Email') 
2024-07-16 00:01:31 [INFO] (SeleniumBaseClass.py:19) finding element:('css selector', 'input#Email')
2024-07-16 00:01:31 [INFO] (SeleniumBaseClass.py:32) enter value ABC to element :('css selector', 'input#Company') 
2024-07-16 00:01:31 [INFO] (SeleniumBaseClass.py:19) finding element:('css selector', 'input#Company')
2024-07-16 00:01:31 [INFO] (SeleniumBaseClass.py:32) enter value amyjames@123 to element :('css selector', 'input#Password') 
2024-07-16 00:01:31 [INFO] (SeleniumBaseClass.py:19) finding element:('css selector', 'input#Password')
2024-07-16 00:01:31 [INFO] (SeleniumBaseClass.py:32) enter value amyjames@123 to element :('css selector', 'input#ConfirmPassword') 
2024-07-16 00:01:31 [INFO] (SeleniumBaseClass.py:19) finding element:('css selector', 'input#ConfirmPassword')
2024-07-16 00:01:32 [INFO] (SeleniumBaseClass.py:27) click to element :('css selector', 'button#register-button')
2024-07-16 00:01:32 [INFO] (SeleniumBaseClass.py:19) finding element:('css selector', 'button#register-button')
2024-07-16 00:01:32 [INFO] (SeleniumBaseClass.py:27) click to element :('css selector', 'a.ico-logout')
2024-07-16 00:01:32 [INFO] (SeleniumBaseClass.py:19) finding element:('css selector', 'a.ico-logout')
2024-07-16 00:01:32 [INFO] (SeleniumBaseClass.py:27) click to element :('css selector', 'a.ico-login')
2024-07-16 00:01:32 [INFO] (SeleniumBaseClass.py:19) finding element:('css selector', 'a.ico-login')
2024-07-16 00:01:33 [INFO] (SeleniumBaseClass.py:32) enter value amyjames@gmail.com to element :('css selector', 'input#Email') 
2024-07-16 00:01:33 [INFO] (SeleniumBaseClass.py:19) finding element:('css selector', 'input#Email')
2024-07-16 00:01:33 [INFO] (SeleniumBaseClass.py:32) enter value amyjames@123 to element :('css selector', 'input#Password') 
2024-07-16 00:01:33 [INFO] (SeleniumBaseClass.py:19) finding element:('css selector', 'input#Password')
2024-07-16 00:01:33 [INFO] (SeleniumBaseClass.py:27) click to element :('xpath', "//button[contains(text(),'Log in')]")
2024-07-16 00:01:33 [INFO] (SeleniumBaseClass.py:19) finding element:('xpath', "//button[contains(text(),'Log in')]")
2024-07-16 00:01:33 [INFO] (SeleniumBaseClass.py:19) finding element:('css selector', 'a.ico-logout')
2024-07-16 00:01:33 [INFO] (SeleniumBaseClass.py:27) click to element :('css selector', 'a.ico-logout')
2024-07-16 00:01:33 [INFO] (SeleniumBaseClass.py:19) finding element:('css selector', 'a.ico-logout')
2024-07-16 00:01:34 [INFO] (SeleniumBaseClass.py:27) click to element :('css selector', 'a.ico-login')
2024-07-16 00:01:34 [INFO] (SeleniumBaseClass.py:19) finding element:('css selector', 'a.ico-login')
2024-07-16 00:01:34 [INFO] (SeleniumBaseClass.py:32) enter value hello@gmail to element :('css selector', 'input#Email') 
2024-07-16 00:01:34 [INFO] (SeleniumBaseClass.py:19) finding element:('css selector', 'input#Email')
2024-07-16 00:01:34 [INFO] (SeleniumBaseClass.py:32) enter value amyjames@123 to element :('css selector', 'input#Password') 
2024-07-16 00:01:34 [INFO] (SeleniumBaseClass.py:19) finding element:('css selector', 'input#Password')
2024-07-16 00:01:34 [INFO] (SeleniumBaseClass.py:27) click to element :('xpath', "//button[contains(text(),'Log in')]")
2024-07-16 00:01:34 [INFO] (SeleniumBaseClass.py:19) finding element:('xpath', "//button[contains(text(),'Log in')]")
2024-07-16 00:01:34 [INFO] (SeleniumBaseClass.py:19) finding element:('css selector', 'span#Email-error')
2024-07-16 00:01:34 [INFO] (SeleniumBaseClass.py:27) click to element :('css selector', 'a.ico-login')
2024-07-16 00:01:34 [INFO] (SeleniumBaseClass.py:19) finding element:('css selector', 'a.ico-login')
2024-07-16 00:01:35 [INFO] (SeleniumBaseClass.py:32) enter value amyjames@gmail.com to element :('css selector', 'input#Email') 
2024-07-16 00:01:35 [INFO] (SeleniumBaseClass.py:19) finding element:('css selector', 'input#Email')
2024-07-16 00:01:35 [INFO] (SeleniumBaseClass.py:32) enter value 23 to element :('css selector', 'input#Password') 
2024-07-16 00:01:35 [INFO] (SeleniumBaseClass.py:19) finding element:('css selector', 'input#Password')
2024-07-16 00:01:35 [INFO] (SeleniumBaseClass.py:27) click to element :('xpath', "//button[contains(text(),'Log in')]")
2024-07-16 00:01:35 [INFO] (SeleniumBaseClass.py:19) finding element:('xpath', "//button[contains(text(),'Log in')]")
2024-07-16 00:01:35 [INFO] (SeleniumBaseClass.py:19) finding element:('css selector', 'div.message-error.validation-summary-errors')
2024-07-16 00:01:35 [INFO] (SeleniumBaseClass.py:27) click to element :('css selector', 'a.ico-login')
2024-07-16 00:01:35 [INFO] (SeleniumBaseClass.py:19) finding element:('css selector', 'a.ico-login')
2024-07-16 00:01:35 [INFO] (SeleniumBaseClass.py:32) enter value  to element :('css selector', 'input#Email') 
2024-07-16 00:01:35 [INFO] (SeleniumBaseClass.py:19) finding element:('css selector', 'input#Email')
2024-07-16 00:01:36 [INFO] (SeleniumBaseClass.py:32) enter value  to element :('css selector', 'input#Password') 
2024-07-16 00:01:36 [INFO] (SeleniumBaseClass.py:19) finding element:('css selector', 'input#Password')
2024-07-16 00:01:36 [INFO] (SeleniumBaseClass.py:27) click to element :('xpath', "//button[contains(text(),'Log in')]")
2024-07-16 00:01:36 [INFO] (SeleniumBaseClass.py:19) finding element:('xpath', "//button[contains(text(),'Log in')]")
2024-07-16 00:01:36 [INFO] (SeleniumBaseClass.py:19) finding element:('css selector', 'span#Email-error')
2024-07-16 00:02:13 [INFO] (conftest.py:14) Logging is configured.
2024-07-16 00:02:15 [INFO] (SeleniumBaseClass.py:27) click to element :('css selector', 'a.ico-login')
2024-07-16 00:02:15 [INFO] (SeleniumBaseClass.py:19) finding element:('css selector', 'a.ico-login')
2024-07-16 00:02:16 [INFO] (SeleniumBaseClass.py:32) enter value amyjames@gmail.com to element :('css selector', 'input#Email') 
2024-07-16 00:02:16 [INFO] (SeleniumBaseClass.py:19) finding element:('css selector', 'input#Email')
2024-07-16 00:02:16 [INFO] (SeleniumBaseClass.py:32) enter value amyjames@123 to element :('css selector', 'input#Password') 
2024-07-16 00:02:16 [INFO] (SeleniumBaseClass.py:19) finding element:('css selector', 'input#Password')
2024-07-16 00:02:16 [INFO] (SeleniumBaseClass.py:27) click to element :('xpath', "//button[contains(text(),'Log in')]")
2024-07-16 00:02:16 [INFO] (SeleniumBaseClass.py:19) finding element:('xpath', "//button[contains(text(),'Log in')]")
2024-07-16 00:02:16 [INFO] (SeleniumBaseClass.py:27) click to element :('partial link text', 'Electronics')
2024-07-16 00:02:16 [INFO] (SeleniumBaseClass.py:19) finding element:('partial link text', 'Electronics')
2024-07-16 00:02:17 [INFO] (SeleniumBaseClass.py:27) click to element :('partial link text', 'Cell phones')
2024-07-16 00:02:17 [INFO] (SeleniumBaseClass.py:19) finding element:('partial link text', 'Cell phones')
2024-07-16 00:02:17 [INFO] (SeleniumBaseClass.py:27) click to element :('partial link text', 'HTC One Mini Blue')
2024-07-16 00:02:17 [INFO] (SeleniumBaseClass.py:19) finding element:('partial link text', 'HTC One Mini Blue')
2024-07-16 00:02:18 [INFO] (SeleniumBaseClass.py:27) click to element :('css selector', 'button#add-to-cart-button-19')
2024-07-16 00:02:18 [INFO] (SeleniumBaseClass.py:19) finding element:('css selector', 'button#add-to-cart-button-19')
2024-07-16 00:02:18 [INFO] (SeleniumBaseClass.py:27) click to element :('partial link text', 'Shopping cart')
2024-07-16 00:02:18 [INFO] (SeleniumBaseClass.py:19) finding element:('partial link text', 'Shopping cart')
2024-07-16 00:02:18 [INFO] (SeleniumBaseClass.py:27) click to element :('css selector', 'input#termsofservice')
2024-07-16 00:02:18 [INFO] (SeleniumBaseClass.py:19) finding element:('css selector', 'input#termsofservice')
2024-07-16 00:02:19 [INFO] (SeleniumBaseClass.py:27) click to element :('css selector', 'button#checkout')
2024-07-16 00:02:19 [INFO] (SeleniumBaseClass.py:19) finding element:('css selector', 'button#checkout')
2024-07-16 00:02:29 [INFO] (SeleniumBaseClass.py:19) finding element:('css selector', 'select#BillingNewAddress_CountryId')
